{
    "name": "Updated hotel name",
    "map": {
        "latitude": 50.0,
        "longitude": 50.0
    },
    "logoUrl": "https://www.valid.com/link/to/logo",
    "description": "Description update",
    "directions": "Updated directions",
    "contact": {
        "name": "Update name",
        "phone": "9999999999",
        "email": "update@email.com"
    },
    "address": {
        "line1": "Update line1",
        "line2": "Update line2",
        "postTown": "Update post town",
        "county": "Update county",
        "postCode": "Update post code"
    }
}
