// Jest Snapshot v1, https://goo.gl/fbAQLP

exports[`Branding Component Branding page renders 1`] = `
<DocumentFragment>
  <div
    class="branding-form"
  >
    <h2>
      B&B details
    </h2>
    <div
      class="input-group mb-3"
    >
      <div
        class="input-group-prepend d-flex align-items-center"
      >
        <span
          class="input-group-text"
        >
          Name
        </span>
      </div>
      <input
        class="form-control"
        id="name"
        placeholder="Enter B&B name"
        type="text"
        value="Shady Meadows B&B"
      />
    </div>
    <div
      class="input-group mb-3"
    >
      <div
        class="input-group-prepend d-flex align-items-center"
      >
        <span
          class="input-group-text"
        >
          Logo
        </span>
      </div>
      <input
        class="form-control"
        id="logoUrl"
        placeholder="Enter image url"
        type="text"
        value="https://www.mwtestconsultancy.co.uk/img/rbp-logo.png"
      />
    </div>
    <div
      class="input-group mb-3"
    >
      <div
        class="input-group-prepend d-flex align-items-stretch"
      >
        <span
          class="input-group-text"
        >
          Description
        </span>
      </div>
      <textarea
        class="form-control"
        id="description"
        rows="5"
      >
        Welcome to Shady Meadows, a delightful Bed & Breakfast nestled in the hills on Newingtonfordburyshire. A place so beautiful you will never want to leave. All our rooms have comfortable beds and we provide breakfast from the locally sourced supermarket. It is a delightful place.
      </textarea>
    </div>
    <br />
    <h2>
      Map details
    </h2>
    <div
      class="input-group mb-3"
    >
      <div
        class="input-group-prepend d-flex align-items-center"
      >
        <span
          class="input-group-text"
        >
          Latitude
        </span>
      </div>
      <input
        class="form-control"
        id="latitude"
        placeholder="Enter Latitude"
        type="text"
        value="52.6351204"
      />
    </div>
    <div
      class="input-group mb-3"
    >
      <div
        class="input-group-prepend d-flex align-items-center"
      >
        <span
          class="input-group-text"
        >
          Longitude
        </span>
      </div>
      <input
        class="form-control"
        id="longitude"
        placeholder="Enter Longitude"
        type="text"
        value="1.2733774"
      />
    </div>
    <div
      class="input-group mb-3"
    >
      <div
        class="input-group-prepend d-flex align-items-stretch"
      >
        <span
          class="input-group-text"
        >
          Directions
        </span>
      </div>
      <textarea
        class="form-control"
        id="directions"
        rows="5"
      >
        Take the first left after the big tree, then follow the road until you see the sign.
      </textarea>
    </div>
    <br />
    <h2>
      Contact details
    </h2>
    <div
      class="input-group mb-3"
    >
      <div
        class="input-group-prepend d-flex align-items-center"
      >
        <span
          class="input-group-text"
        >
          Name
        </span>
      </div>
      <input
        class="form-control"
        id="contactName"
        placeholder="Enter Contact Name"
        type="text"
        value="Shady Meadows B&B"
      />
    </div>
    <div
      class="input-group mb-3"
    >
      <div
        class="input-group-prepend d-flex align-items-center"
      >
        <span
          class="input-group-text"
        >
          Phone
        </span>
      </div>
      <input
        class="form-control"
        id="contactPhone"
        placeholder="Enter Phone Number"
        type="text"
        value="0123456789"
      />
    </div>
    <div
      class="input-group mb-3"
    >
      <div
        class="input-group-prepend d-flex align-items-center"
      >
        <span
          class="input-group-text"
        >
          Email
        </span>
      </div>
      <input
        class="form-control"
        id="contactEmail"
        placeholder="Enter Email Address"
        type="email"
        value="fake@fakeemail.com"
      />
    </div>
    <br />
    <h2>
      Address details
    </h2>
    <div
      class="input-group mb-3"
    >
      <div
        class="input-group-prepend d-flex align-items-center"
      >
        <span
          class="input-group-text"
        >
          Line 1
        </span>
      </div>
      <input
        class="form-control"
        id="line1"
        placeholder="Enter Address Line 1"
        type="text"
        value="123 Fake Street"
      />
    </div>
    <div
      class="input-group mb-3"
    >
      <div
        class="input-group-prepend d-flex align-items-center"
      >
        <span
          class="input-group-text"
        >
          Line 2
        </span>
      </div>
      <input
        class="form-control"
        id="line2"
        placeholder="Enter Address Line 2"
        type="text"
        value="Fake Town"
      />
    </div>
    <div
      class="input-group mb-3"
    >
      <div
        class="input-group-prepend d-flex align-items-center"
      >
        <span
          class="input-group-text"
        >
          Post Town
        </span>
      </div>
      <input
        class="form-control"
        id="postTown"
        placeholder="Enter Post Town"
        type="text"
        value="Fake Town"
      />
    </div>
    <div
      class="input-group mb-3"
    >
      <div
        class="input-group-prepend d-flex align-items-center"
      >
        <span
          class="input-group-text"
        >
          County
        </span>
      </div>
      <input
        class="form-control"
        id="county"
        placeholder="Enter County"
        type="text"
        value="Fake County"
      />
    </div>
    <div
      class="input-group mb-3"
    >
      <div
        class="input-group-prepend d-flex align-items-center"
      >
        <span
          class="input-group-text"
        >
          Post Code
        </span>
      </div>
      <input
        class="form-control"
        id="postCode"
        placeholder="Enter Post Code"
        type="text"
        value="FA1 2KE"
      />
    </div>
    <br />
    <button
      class="btn btn-outline-primary"
      id="updateBranding"
      type="submit"
    >
      Submit
    </button>
  </div>
</DocumentFragment>
`;
