// Jest Snapshot v1, https://goo.gl/fbAQLP

exports[`Nav Component Nav bar renders 1`] = `
<DocumentFragment>
  <nav
    class="navbar navbar-expand-md navbar-dark bg-dark mb-4"
  >
    <div
      class="container-fluid"
    >
      <a
        class="navbar-brand"
        href="/"
      >
        Restful Booker Platform Demo
      </a>
      <button
        aria-controls="navbarSupportedContent"
        aria-expanded="false"
        aria-label="Toggle navigation"
        class="navbar-toggler"
        data-target="#navbarSupportedContent"
        data-toggle="collapse"
        type="button"
      >
        <span
          class="navbar-toggler-icon"
        />
      </button>
      <div
        class="collapse navbar-collapse"
        id="navbarSupportedContent"
      >
        <ul
          class="navbar-nav mr-auto"
        >
          <li
            class="nav-item"
          >
            <a
              class="nav-link"
              href="/admin/rooms"
            >
              Rooms
            </a>
          </li>
          <li
            class="nav-item"
          >
            <a
              class="nav-link"
              href="/admin/report"
              id="reportLink"
            >
              Report
            </a>
          </li>
          <li
            class="nav-item"
          >
            <a
              class="nav-link"
              href="/admin/branding"
              id="brandingLink"
            >
              Branding
            </a>
          </li>
          <li
            class="nav-item"
          >
            <a
              class="nav-link"
              href="/admin/message"
            >
              Messages 
            </a>
          </li>
        </ul>
        <ul
          class="navbar-nav ms-auto"
        >
          <li
            class="nav-item"
          >
            <a
              class="nav-link"
              href="/"
              id="frontPageLink"
            >
              Front Page
            </a>
          </li>
          <li
            class="nav-item"
          >
            <button
              class="btn btn-outline-danger my-2 my-sm-0"
            >
              Logout
            </button>
          </li>
        </ul>
      </div>
    </div>
  </nav>
</DocumentFragment>
`;
